// Jest Snapshot v1, https://goo.gl/fbAQLP

exports[`json 1`] = `
"{
  \\"parts\\": [
    {
      \\"col\\": 0,
      \\"nm\\": \\"Bob\\",
      \\"desc\\": \\"Bob's JS\\"
    },
    {
      \\"col\\": 1,
      \\"nm\\": \\"Alice\\",
      \\"desc\\": \\"Alice\\"
    },
    {
      \\"col\\": 2,
      \\"nm\\": \\"carlos\\",
      \\"desc\\": \\"carlos\\"
    }
  ],
  \\"timepoints\\": {
    \\"here\\": 27
  },
  \\"title\\": \\"that is that\\",
  \\"data\\": [
    {
      \\"_line\\": 13,
      \\"kind\\": \\"MESSAGE\\",
      \\"opts\\": {},
      \\"timepoint\\": null,
      \\"from\\": {
        \\"nm\\": \\"Bob\\",
        \\"col\\": 0,
        \\"tm\\": 1
      },
      \\"arrow\\": {
        \\"begin\\": null,
        \\"dash\\": \\"-\\",
        \\"end\\": \\">\\"
      },
      \\"classes\\": \\"solid closed_forward\\",
      \\"to\\": {
        \\"nm\\": \\"Alice\\",
        \\"col\\": 1,
        \\"tm\\": 1
      },
      \\"msg\\": \\"Test\\"
    },
    {
      \\"_line\\": 14,
      \\"kind\\": \\"MESSAGE\\",
      \\"opts\\": {},
      \\"timepoint\\": null,
      \\"from\\": {
        \\"nm\\": \\"Bob\\",
        \\"col\\": 0,
        \\"tm\\": 2
      },
      \\"arrow\\": {
        \\"begin\\": null,
        \\"dash\\": \\"--\\",
        \\"end\\": \\">\\"
      },
      \\"classes\\": \\"dashed closed_forward\\",
      \\"to\\": {
        \\"nm\\": \\"Alice\\",
        \\"col\\": 1,
        \\"tm\\": 2
      },
      \\"msg\\": \\"dash it all\\"
    },
    {
      \\"_line\\": 15,
      \\"kind\\": \\"MESSAGE\\",
      \\"opts\\": {},
      \\"timepoint\\": null,
      \\"from\\": {
        \\"nm\\": \\"Alice\\",
        \\"col\\": 1,
        \\"tm\\": 3
      },
      \\"arrow\\": {
        \\"begin\\": null,
        \\"dash\\": \\"--\\",
        \\"end\\": \\">\\"
      },
      \\"classes\\": \\"dashed closed_forward\\",
      \\"to\\": {
        \\"nm\\": \\"Bob\\",
        \\"col\\": 0,
        \\"tm\\": 3
      },
      \\"msg\\": \\"back dash\\"
    },
    {
      \\"_line\\": 16,
      \\"kind\\": \\"MESSAGE\\",
      \\"opts\\": {},
      \\"timepoint\\": null,
      \\"from\\": {
        \\"nm\\": \\"Bob\\",
        \\"col\\": 0,
        \\"tm\\": 4
      },
      \\"arrow\\": {
        \\"begin\\": null,
        \\"dash\\": \\"-\\",
        \\"end\\": \\">>\\"
      },
      \\"classes\\": \\"solid open_forward\\",
      \\"to\\": {
        \\"nm\\": \\"Alice\\",
        \\"col\\": 1,
        \\"tm\\": 4
      },
      \\"msg\\": \\"open\\"
    },
    {
      \\"_line\\": 17,
      \\"kind\\": \\"MESSAGE\\",
      \\"opts\\": {},
      \\"timepoint\\": null,
      \\"from\\": {
        \\"nm\\": \\"Alice\\",
        \\"col\\": 1,
        \\"tm\\": 5
      },
      \\"arrow\\": {
        \\"begin\\": null,
        \\"dash\\": \\"-\\",
        \\"end\\": \\">>\\"
      },
      \\"classes\\": \\"solid open_forward\\",
      \\"to\\": {
        \\"nm\\": \\"Bob\\",
        \\"col\\": 0,
        \\"tm\\": 5
      },
      \\"msg\\": \\"back open\\"
    },
    {
      \\"_line\\": 18,
      \\"kind\\": \\"MESSAGE\\",
      \\"opts\\": {},
      \\"timepoint\\": null,
      \\"from\\": {
        \\"nm\\": \\"Bob\\",
        \\"col\\": 0,
        \\"tm\\": 6
      },
      \\"arrow\\": {
        \\"begin\\": null,
        \\"dash\\": \\"--\\",
        \\"end\\": \\">>\\"
      },
      \\"classes\\": \\"dashed open_forward\\",
      \\"to\\": {
        \\"nm\\": \\"Alice\\",
        \\"col\\": 1,
        \\"tm\\": 6
      },
      \\"msg\\": \\"Dash Open\\"
    },
    {
      \\"_line\\": 19,
      \\"kind\\": \\"MESSAGE\\",
      \\"opts\\": {},
      \\"timepoint\\": null,
      \\"from\\": {
        \\"nm\\": \\"Alice\\",
        \\"col\\": 1,
        \\"tm\\": 7
      },
      \\"arrow\\": {
        \\"begin\\": null,
        \\"dash\\": \\"--\\",
        \\"end\\": \\">>\\"
      },
      \\"classes\\": \\"dashed open_forward\\",
      \\"to\\": {
        \\"nm\\": \\"Bob\\",
        \\"col\\": 0,
        \\"tm\\": 7
      },
      \\"msg\\": \\"dash back open\\"
    },
    {
      \\"_line\\": 20,
      \\"kind\\": \\"MESSAGE\\",
      \\"opts\\": {},
      \\"timepoint\\": null,
      \\"from\\": {
        \\"nm\\": \\"Bob\\",
        \\"col\\": 0,
        \\"tm\\": 8
      },
      \\"arrow\\": {
        \\"begin\\": \\"<\\",
        \\"dash\\": \\"-\\",
        \\"end\\": \\">\\"
      },
      \\"classes\\": \\"closed_back solid closed_forward\\",
      \\"to\\": {
        \\"nm\\": \\"Alice\\",
        \\"col\\": 1,
        \\"tm\\": 8
      },
      \\"msg\\": \\"<->\\"
    },
    {
      \\"_line\\": 21,
      \\"kind\\": \\"MESSAGE\\",
      \\"opts\\": {},
      \\"timepoint\\": null,
      \\"from\\": {
        \\"nm\\": \\"Bob\\",
        \\"col\\": 0,
        \\"tm\\": 9
      },
      \\"arrow\\": {
        \\"begin\\": \\"<\\",
        \\"dash\\": \\"-\\",
        \\"end\\": \\">>\\"
      },
      \\"classes\\": \\"closed_back solid open_forward\\",
      \\"to\\": {
        \\"nm\\": \\"Alice\\",
        \\"col\\": 1,
        \\"tm\\": 9
      },
      \\"msg\\": \\"<->>\\"
    },
    {
      \\"_line\\": 22,
      \\"kind\\": \\"MESSAGE\\",
      \\"opts\\": {},
      \\"timepoint\\": null,
      \\"from\\": {
        \\"nm\\": \\"Bob\\",
        \\"col\\": 0,
        \\"tm\\": 10
      },
      \\"arrow\\": {
        \\"begin\\": \\"<<\\",
        \\"dash\\": \\"-\\",
        \\"end\\": \\">\\"
      },
      \\"classes\\": \\"open_back solid closed_forward\\",
      \\"to\\": {
        \\"nm\\": \\"Alice\\",
        \\"col\\": 1,
        \\"tm\\": 10
      },
      \\"msg\\": \\"<<->\\"
    },
    {
      \\"_line\\": 23,
      \\"kind\\": \\"MESSAGE\\",
      \\"opts\\": {},
      \\"timepoint\\": null,
      \\"from\\": {
        \\"nm\\": \\"Bob\\",
        \\"col\\": 0,
        \\"tm\\": 11
      },
      \\"arrow\\": {
        \\"begin\\": \\"<<\\",
        \\"dash\\": \\"-\\",
        \\"end\\": \\">>\\"
      },
      \\"classes\\": \\"open_back solid open_forward\\",
      \\"to\\": {
        \\"nm\\": \\"Alice\\",
        \\"col\\": 1,
        \\"tm\\": 11
      },
      \\"msg\\": \\"<<->>\\"
    },
    {
      \\"_line\\": 24,
      \\"kind\\": \\"MESSAGE\\",
      \\"opts\\": {},
      \\"timepoint\\": null,
      \\"from\\": {
        \\"nm\\": \\"Bob\\",
        \\"col\\": 0,
        \\"tm\\": 12
      },
      \\"arrow\\": {
        \\"begin\\": \\"<\\",
        \\"dash\\": \\"--\\",
        \\"end\\": \\">\\"
      },
      \\"classes\\": \\"closed_back dashed closed_forward\\",
      \\"to\\": {
        \\"nm\\": \\"Alice\\",
        \\"col\\": 1,
        \\"tm\\": 12
      },
      \\"msg\\": \\"<-->\\"
    },
    {
      \\"_line\\": 25,
      \\"kind\\": \\"MESSAGE\\",
      \\"opts\\": {},
      \\"timepoint\\": null,
      \\"from\\": {
        \\"nm\\": \\"Bob\\",
        \\"col\\": 0,
        \\"tm\\": 13
      },
      \\"arrow\\": {
        \\"begin\\": \\"<\\",
        \\"dash\\": \\"--\\",
        \\"end\\": \\">>\\"
      },
      \\"classes\\": \\"closed_back dashed open_forward\\",
      \\"to\\": {
        \\"nm\\": \\"Alice\\",
        \\"col\\": 1,
        \\"tm\\": 13
      },
      \\"msg\\": \\"<-->>\\"
    },
    {
      \\"_line\\": 26,
      \\"kind\\": \\"MESSAGE\\",
      \\"opts\\": {},
      \\"timepoint\\": null,
      \\"from\\": {
        \\"nm\\": \\"Bob\\",
        \\"col\\": 0,
        \\"tm\\": 14
      },
      \\"arrow\\": {
        \\"begin\\": \\"<<\\",
        \\"dash\\": \\"--\\",
        \\"end\\": \\">\\"
      },
      \\"classes\\": \\"open_back dashed closed_forward\\",
      \\"to\\": {
        \\"nm\\": \\"Alice\\",
        \\"col\\": 1,
        \\"tm\\": 14
      },
      \\"msg\\": \\"<<-->\\"
    },
    {
      \\"_line\\": 27,
      \\"kind\\": \\"MESSAGE\\",
      \\"opts\\": {},
      \\"timepoint\\": null,
      \\"from\\": {
        \\"nm\\": \\"Bob\\",
        \\"col\\": 0,
        \\"tm\\": 15
      },
      \\"arrow\\": {
        \\"begin\\": \\"<<\\",
        \\"dash\\": \\"--\\",
        \\"end\\": \\">>\\"
      },
      \\"classes\\": \\"open_back dashed open_forward\\",
      \\"to\\": {
        \\"nm\\": \\"Alice\\",
        \\"col\\": 1,
        \\"tm\\": 15
      },
      \\"msg\\": \\"<<-->>\\"
    },
    {
      \\"_line\\": 29,
      \\"kind\\": \\"BLOCK\\",
      \\"depth\\": 3,
      \\"typ\\": \\"loop\\",
      \\"msg\\": \\"outer\\",
      \\"start\\": 16,
      \\"end\\": 42
    },
    {
      \\"_line\\": 30,
      \\"kind\\": \\"BLOCK\\",
      \\"depth\\": 0,
      \\"typ\\": \\"loop\\",
      \\"msg\\": \\"first \\",
      \\"start\\": 17,
      \\"end\\": 18
    },
    {
      \\"_line\\": 31,
      \\"kind\\": \\"END_BLOCK\\",
      \\"start\\": {
        \\"_line\\": 30,
        \\"kind\\": \\"BLOCK\\",
        \\"depth\\": 0,
        \\"typ\\": \\"loop\\",
        \\"msg\\": \\"first \\",
        \\"start\\": 17,
        \\"end\\": 18
      }
    },
    {
      \\"_line\\": 32,
      \\"kind\\": \\"BLOCK\\",
      \\"depth\\": 2,
      \\"typ\\": \\"loop\\",
      \\"msg\\": \\"second\\",
      \\"start\\": 19,
      \\"end\\": 24
    },
    {
      \\"_line\\": 33,
      \\"kind\\": \\"BLOCK\\",
      \\"depth\\": 1,
      \\"typ\\": \\"loop\\",
      \\"msg\\": \\"inner\\",
      \\"start\\": 20,
      \\"end\\": 23
    },
    {
      \\"_line\\": 34,
      \\"kind\\": \\"BLOCK\\",
      \\"depth\\": 0,
      \\"typ\\": \\"loop\\",
      \\"msg\\": \\"inner inner\\",
      \\"start\\": 21,
      \\"end\\": 22
    },
    {
      \\"_line\\": 35,
      \\"kind\\": \\"END_BLOCK\\",
      \\"start\\": {
        \\"_line\\": 34,
        \\"kind\\": \\"BLOCK\\",
        \\"depth\\": 0,
        \\"typ\\": \\"loop\\",
        \\"msg\\": \\"inner inner\\",
        \\"start\\": 21,
        \\"end\\": 22
      }
    },
    {
      \\"_line\\": 36,
      \\"kind\\": \\"END_BLOCK\\",
      \\"start\\": {
        \\"_line\\": 33,
        \\"kind\\": \\"BLOCK\\",
        \\"depth\\": 1,
        \\"typ\\": \\"loop\\",
        \\"msg\\": \\"inner\\",
        \\"start\\": 20,
        \\"end\\": 23
      }
    },
    {
      \\"_line\\": 37,
      \\"kind\\": \\"END_BLOCK\\",
      \\"start\\": {
        \\"_line\\": 32,
        \\"kind\\": \\"BLOCK\\",
        \\"depth\\": 2,
        \\"typ\\": \\"loop\\",
        \\"msg\\": \\"second\\",
        \\"start\\": 19,
        \\"end\\": 24
      }
    },
    {
      \\"_line\\": 38,
      \\"kind\\": \\"BLOCK\\",
      \\"depth\\": 1,
      \\"typ\\": \\"loop\\",
      \\"msg\\": \\"at least once\\",
      \\"start\\": 25,
      \\"end\\": 41
    },
    {
      \\"_line\\": 39,
      \\"kind\\": \\"BLOCK\\",
      \\"depth\\": 0,
      \\"typ\\": \\"loop\\",
      \\"msg\\": \\"lots of times\\",
      \\"start\\": 26,
      \\"end\\": 31
    },
    {
      \\"_line\\": 40,
      \\"kind\\": \\"MESSAGE\\",
      \\"opts\\": {
        \\"duration\\": 2
      },
      \\"timepoint\\": \\"here\\",
      \\"from\\": {
        \\"nm\\": \\"Bob\\",
        \\"col\\": 0,
        \\"tm\\": 27
      },
      \\"arrow\\": {
        \\"begin\\": null,
        \\"dash\\": \\"-\\",
        \\"end\\": \\">\\"
      },
      \\"classes\\": \\"solid closed_forward\\",
      \\"to\\": {
        \\"nm\\": \\"Alice\\",
        \\"col\\": 1,
        \\"tm\\": 29
      },
      \\"msg\\": \\"Test duration=2\\",
      \\"tm\\": 27
    },
    {
      \\"_line\\": 41,
      \\"kind\\": \\"MESSAGE\\",
      \\"opts\\": {
        \\"duration\\": 1
      },
      \\"timepoint\\": null,
      \\"from\\": {
        \\"nm\\": \\"Alice\\",
        \\"col\\": 1,
        \\"tm\\": 27
      },
      \\"arrow\\": {
        \\"begin\\": null,
        \\"dash\\": \\"-\\",
        \\"end\\": \\">>\\"
      },
      \\"classes\\": \\"solid open_forward\\",
      \\"to\\": {
        \\"nm\\": \\"Bob\\",
        \\"col\\": 0,
        \\"tm\\": 28
      },
      \\"msg\\": \\"Another test duration=1\\"
    },
    {
      \\"_line\\": 42,
      \\"kind\\": \\"ADVANCE\\",
      \\"distance\\": 1
    },
    {
      \\"_line\\": 43,
      \\"kind\\": \\"MESSAGE\\",
      \\"opts\\": {},
      \\"timepoint\\": null,
      \\"from\\": {
        \\"nm\\": \\"Bob\\",
        \\"col\\": 0,
        \\"tm\\": 30
      },
      \\"arrow\\": {
        \\"begin\\": null,
        \\"dash\\": \\"-\\",
        \\"end\\": \\">\\"
      },
      \\"classes\\": \\"solid closed_forward\\",
      \\"to\\": {
        \\"nm\\": \\"Alice\\",
        \\"col\\": 1,
        \\"tm\\": 30
      }
    },
    {
      \\"_line\\": 44,
      \\"kind\\": \\"END_BLOCK\\",
      \\"start\\": {
        \\"_line\\": 39,
        \\"kind\\": \\"BLOCK\\",
        \\"depth\\": 0,
        \\"typ\\": \\"loop\\",
        \\"msg\\": \\"lots of times\\",
        \\"start\\": 26,
        \\"end\\": 31
      }
    },
    {
      \\"_line\\": 45,
      \\"kind\\": \\"BLOCK\\",
      \\"depth\\": 0,
      \\"typ\\": \\"loop\\",
      \\"msg\\": \\"once\\",
      \\"start\\": 32,
      \\"end\\": 34
    },
    {
      \\"_line\\": 46,
      \\"kind\\": \\"MESSAGE\\",
      \\"opts\\": {
        \\"color\\": \\"yellow\\"
      },
      \\"timepoint\\": null,
      \\"from\\": {
        \\"nm\\": \\"Alice\\",
        \\"col\\": 1,
        \\"tm\\": 33
      },
      \\"arrow\\": {
        \\"begin\\": null,
        \\"dash\\": \\"-\\",
        \\"end\\": \\">\\"
      },
      \\"classes\\": \\"solid closed_forward\\",
      \\"to\\": {
        \\"nm\\": \\"Bob\\",
        \\"col\\": 0,
        \\"tm\\": 33
      }
    },
    {
      \\"_line\\": 47,
      \\"kind\\": \\"END_BLOCK\\",
      \\"start\\": {
        \\"_line\\": 45,
        \\"kind\\": \\"BLOCK\\",
        \\"depth\\": 0,
        \\"typ\\": \\"loop\\",
        \\"msg\\": \\"once\\",
        \\"start\\": 32,
        \\"end\\": 34
      }
    },
    {
      \\"_line\\": 48,
      \\"kind\\": \\"BLOCK\\",
      \\"depth\\": 0,
      \\"typ\\": \\"loop\\",
      \\"msg\\": \\"twice\\",
      \\"start\\": 35,
      \\"end\\": 37
    },
    {
      \\"_line\\": 49,
      \\"kind\\": \\"MESSAGE\\",
      \\"opts\\": {},
      \\"timepoint\\": null,
      \\"from\\": {
        \\"nm\\": \\"Alice\\",
        \\"col\\": 1,
        \\"tm\\": 36
      },
      \\"arrow\\": {
        \\"begin\\": null,
        \\"dash\\": \\"-\\",
        \\"end\\": \\">\\"
      },
      \\"classes\\": \\"solid closed_forward\\",
      \\"to\\": {
        \\"nm\\": \\"Bob\\",
        \\"col\\": 0,
        \\"tm\\": 36
      },
      \\"msg\\": \\"Hey!\\"
    },
    {
      \\"_line\\": 50,
      \\"kind\\": \\"END_BLOCK\\",
      \\"start\\": {
        \\"_line\\": 48,
        \\"kind\\": \\"BLOCK\\",
        \\"depth\\": 0,
        \\"typ\\": \\"loop\\",
        \\"msg\\": \\"twice\\",
        \\"start\\": 35,
        \\"end\\": 37
      }
    },
    {
      \\"_line\\": 51,
      \\"kind\\": \\"BLOCK\\",
      \\"depth\\": 0,
      \\"typ\\": \\"loop\\",
      \\"msg\\": \\"three times a lady\\",
      \\"start\\": 38,
      \\"end\\": 40
    },
    {
      \\"_line\\": 52,
      \\"kind\\": \\"MESSAGE\\",
      \\"opts\\": {},
      \\"timepoint\\": null,
      \\"from\\": {
        \\"nm\\": \\"Alice\\",
        \\"col\\": 1,
        \\"tm\\": 39
      },
      \\"arrow\\": {
        \\"begin\\": null,
        \\"dash\\": \\"-\\",
        \\"end\\": \\">\\"
      },
      \\"classes\\": \\"solid closed_forward\\",
      \\"to\\": {
        \\"nm\\": \\"Bob\\",
        \\"col\\": 0,
        \\"tm\\": 39
      }
    },
    {
      \\"_line\\": 53,
      \\"kind\\": \\"END_BLOCK\\",
      \\"start\\": {
        \\"_line\\": 51,
        \\"kind\\": \\"BLOCK\\",
        \\"depth\\": 0,
        \\"typ\\": \\"loop\\",
        \\"msg\\": \\"three times a lady\\",
        \\"start\\": 38,
        \\"end\\": 40
      }
    },
    {
      \\"_line\\": 54,
      \\"kind\\": \\"END_BLOCK\\",
      \\"start\\": {
        \\"_line\\": 38,
        \\"kind\\": \\"BLOCK\\",
        \\"depth\\": 1,
        \\"typ\\": \\"loop\\",
        \\"msg\\": \\"at least once\\",
        \\"start\\": 25,
        \\"end\\": 41
      }
    },
    {
      \\"_line\\": 55,
      \\"kind\\": \\"END_BLOCK\\",
      \\"start\\": {
        \\"_line\\": 29,
        \\"kind\\": \\"BLOCK\\",
        \\"depth\\": 3,
        \\"typ\\": \\"loop\\",
        \\"msg\\": \\"outer\\",
        \\"start\\": 16,
        \\"end\\": 42
      }
    },
    {
      \\"_line\\": 57,
      \\"kind\\": \\"BLOCK\\",
      \\"depth\\": 0,
      \\"typ\\": \\"opt\\",
      \\"msg\\": \\"Double arrows\\",
      \\"start\\": 43,
      \\"end\\": 54
    },
    {
      \\"_line\\": 59,
      \\"kind\\": \\"MESSAGE\\",
      \\"opts\\": {},
      \\"timepoint\\": null,
      \\"from\\": {
        \\"nm\\": \\"Bob\\",
        \\"col\\": 0,
        \\"tm\\": 44
      },
      \\"arrow\\": {
        \\"begin\\": \\"<\\",
        \\"dash\\": \\"-\\",
        \\"end\\": \\">\\"
      },
      \\"classes\\": \\"closed_back solid closed_forward\\",
      \\"to\\": {
        \\"nm\\": \\"Alice\\",
        \\"col\\": 1,
        \\"tm\\": 44
      },
      \\"msg\\": \\"xxxy\\"
    },
    {
      \\"_line\\": 60,
      \\"kind\\": \\"SELF\\",
      \\"opts\\": {
        \\"duration\\": 2
      },
      \\"timepoint\\": null,
      \\"from\\": {
        \\"nm\\": \\"Bob\\",
        \\"col\\": 0,
        \\"tm\\": 45
      },
      \\"arrow\\": {
        \\"begin\\": null,
        \\"dash\\": \\"-\\",
        \\"end\\": \\">\\"
      },
      \\"classes\\": \\"solid closed_forward\\",
      \\"to\\": {
        \\"nm\\": \\"Bob\\",
        \\"col\\": 0,
        \\"tm\\": 47
      },
      \\"msg\\": \\"This is a long label (TODO: wrap)\\"
    },
    {
      \\"_line\\": 61,
      \\"kind\\": \\"SELF\\",
      \\"opts\\": {},
      \\"timepoint\\": null,
      \\"from\\": {
        \\"nm\\": \\"Bob\\",
        \\"col\\": 0,
        \\"tm\\": 48
      },
      \\"arrow\\": {
        \\"begin\\": null,
        \\"dash\\": \\"--\\",
        \\"end\\": \\">\\"
      },
      \\"classes\\": \\"dashed closed_forward\\",
      \\"to\\": {
        \\"nm\\": \\"Bob\\",
        \\"col\\": 0,
        \\"tm\\": 49
      },
      \\"msg\\": \\"-->\\"
    },
    {
      \\"_line\\": 62,
      \\"kind\\": \\"SELF\\",
      \\"opts\\": {},
      \\"timepoint\\": null,
      \\"from\\": {
        \\"nm\\": \\"Bob\\",
        \\"col\\": 0,
        \\"tm\\": 50
      },
      \\"arrow\\": {
        \\"begin\\": null,
        \\"dash\\": \\"-\\",
        \\"end\\": \\">>\\"
      },
      \\"classes\\": \\"solid open_forward\\",
      \\"to\\": {
        \\"nm\\": \\"Bob\\",
        \\"col\\": 0,
        \\"tm\\": 51
      },
      \\"msg\\": \\"->>\\"
    },
    {
      \\"_line\\": 63,
      \\"kind\\": \\"SELF\\",
      \\"opts\\": {},
      \\"timepoint\\": null,
      \\"from\\": {
        \\"nm\\": \\"Bob\\",
        \\"col\\": 0,
        \\"tm\\": 52
      },
      \\"arrow\\": {
        \\"begin\\": \\"<\\",
        \\"dash\\": \\"-\\",
        \\"end\\": \\">\\"
      },
      \\"classes\\": \\"closed_back solid closed_forward\\",
      \\"to\\": {
        \\"nm\\": \\"Bob\\",
        \\"col\\": 0,
        \\"tm\\": 53
      },
      \\"msg\\": \\"<->\\"
    },
    {
      \\"_line\\": 64,
      \\"kind\\": \\"END_BLOCK\\",
      \\"start\\": {
        \\"_line\\": 57,
        \\"kind\\": \\"BLOCK\\",
        \\"depth\\": 0,
        \\"typ\\": \\"opt\\",
        \\"msg\\": \\"Double arrows\\",
        \\"start\\": 43,
        \\"end\\": 54
      }
    },
    {
      \\"_line\\": 66,
      \\"kind\\": \\"MESSAGE\\",
      \\"opts\\": {},
      \\"timepoint\\": null,
      \\"from\\": {
        \\"nm\\": \\"Bob\\",
        \\"col\\": 0,
        \\"tm\\": 55
      },
      \\"arrow\\": {
        \\"begin\\": null,
        \\"dash\\": \\"-\\",
        \\"end\\": \\">\\"
      },
      \\"classes\\": \\"solid closed_forward\\",
      \\"to\\": {
        \\"nm\\": \\"carlos\\",
        \\"col\\": 2,
        \\"tm\\": 55
      }
    },
    {
      \\"_line\\": 67,
      \\"kind\\": \\"MESSAGE\\",
      \\"opts\\": {
        \\"duration\\": 1
      },
      \\"timepoint\\": null,
      \\"from\\": {
        \\"nm\\": \\"Bob\\",
        \\"col\\": 0,
        \\"tm\\": 56
      },
      \\"arrow\\": {
        \\"begin\\": \\"<\\",
        \\"dash\\": \\"-\\",
        \\"end\\": \\">\\"
      },
      \\"classes\\": \\"closed_back solid closed_forward\\",
      \\"to\\": {
        \\"nm\\": \\"carlos\\",
        \\"col\\": 2,
        \\"tm\\": 57
      }
    }
  ],
  \\"blockStack\\": [],
  \\"props\\": {
    \\"arrow_color\\": \\"purple\\",
    \\"arrow_height\\": 10,
    \\"arrow_width\\": 15,
    \\"auto_number\\": null,
    \\"background\\": \\"white\\",
    \\"block_tab_fill\\": \\"gray\\",
    \\"block_stroke\\": \\"gray\\",
    \\"column_width\\": 150,
    \\"font\\": \\"Helvetica\\",
    \\"label_space_x\\": 3,
    \\"label_space_y\\": -3,
    \\"line_color\\": \\"red\\",
    \\"line_width\\": 1,
    \\"no_clear\\": false,
    \\"no_feet\\": false,
    \\"no_link\\": false,
    \\"rung_color\\": \\"blue\\",
    \\"rung_width\\": 10,
    \\"text_color\\": \\"black\\",
    \\"text_size\\": 13,
    \\"time_height\\": 20
  },
  \\"current_time\\": 58,
  \\"max_time\\": 57,
  \\"current_arrow\\": 0
}
"
`;

exports[`svg 1`] = `
"<?xml version=\\"1.0\\"?>
<svg baseProfile=\\"full\\" xmlns=\\"http://www.w3.org/2000/svg\\" xmlns:xl=\\"http://www.w3.org/1999/xlink\\" width=\\"525\\" height=\\"1340\\">
  <defs>
    <style type=\\"text/css\\">
text {
  font-size: 13px;
  font-family: Helvetica;
  fill: black;
  baseline-shift: 2px;
}
path {
  stroke: red;
  stroke-width: 1;
}
path.block_tab {
  fill: gray;
  stroke: none;
}
path.block {
  fill: none;
  stroke: gray;
  stroke-dasharray: 2, 1;
  stroke-linejoin: round;
}
path.self {
  fill: none;
}
path.dashed {
  stroke-dasharray: 6, 2;
}
path.rung {
  stroke: blue;
  stroke-width: 10;
}
path.closed {
  fill: purple;
  stroke: purple;
}
path.open {
  stroke: purple;
  fill: none;
}
text.end {
  text-anchor: end;
}
text.center {
  text-anchor: middle;
}
text.rung_label {
  text-anchor: middle;
}
</style>
  </defs>
  <metadata xmlns:dc=\\"http://purl.org/dc/elements/1.1/\\">
    <dc:date>2017-06-27T06:26:23.547Z</dc:date>
    <!-- Produced by quence: https://github.com/hildjj/quence -->
  </metadata>
  <title>that is that</title>
  <rect x=\\"0\\" y=\\"0\\" width=\\"525\\" height=\\"1340\\" fill=\\"white\\"/>
  <text class=\\"title\\" x=\\"225\\" y=\\"20\\">that is that</text>
  <text text-anchor=\\"end\\" x=\\"525\\" y=\\"1340\\">
    <a xl:href=\\"https://github.com/hildjj/quence\\">
      <tspan baseline-shift=\\"100%\\" fill=\\"blue\\" text-decoration=\\"underline\\">quence</tspan>
    </a>
    <tspan fill=\\"black\\" baseline-shift=\\"100%\\">v0.2.1</tspan>
  </text>
  <g>
    <desc>participants</desc>
    <g>
      <desc>Paricipant: Bob's JS</desc>
      <text class=\\"rung_label\\" x=\\"75\\" y=\\"60\\">Bob's JS</text>
      <path d=\\"M 75 80 L 75 1260\\" id=\\"p_0\\" class=\\"rung\\"/>
      <text class=\\"rung_label\\" x=\\"75\\" y=\\"1300\\">Bob's JS</text>
    </g>
    <g>
      <desc>Paricipant: Alice</desc>
      <text class=\\"rung_label\\" x=\\"225\\" y=\\"60\\">Alice</text>
      <path d=\\"M 225 80 L 225 1260\\" id=\\"p_1\\" class=\\"rung\\"/>
      <text class=\\"rung_label\\" x=\\"225\\" y=\\"1300\\">Alice</text>
    </g>
    <g>
      <desc>Paricipant: carlos</desc>
      <text class=\\"rung_label\\" x=\\"375\\" y=\\"60\\">carlos</text>
      <path d=\\"M 375 80 L 375 1260\\" id=\\"p_2\\" class=\\"rung\\"/>
      <text class=\\"rung_label\\" x=\\"375\\" y=\\"1300\\">carlos</text>
    </g>
  </g>
  <path d=\\"M 80 120 L 219 120\\" id=\\"p_3\\" class=\\"solid closed_forward\\"/>
  <g transform=\\"translate(220, 120)\\">
    <path d=\\"M -10 4 L -1 0 L -10 -4 L -9 0 Z\\" id=\\"p_4\\" class=\\"closed\\"/>
  </g>
  <text class=\\"start\\" x=\\"83\\" y=\\"120\\">Test</text>
  <path d=\\"M 80 140 L 219 140\\" id=\\"p_5\\" class=\\"dashed closed_forward\\"/>
  <g transform=\\"translate(220, 140)\\">
    <path d=\\"M -10 4 L -1 0 L -10 -4 L -9 0 Z\\" id=\\"p_6\\" class=\\"closed\\"/>
  </g>
  <text class=\\"start\\" x=\\"83\\" y=\\"140\\">dash it all</text>
  <path d=\\"M 220 160 L 81 160\\" id=\\"p_7\\" class=\\"dashed closed_forward\\"/>
  <g transform=\\"translate(80, 160), rotate(180)\\">
    <path d=\\"M -10 4 L -1 0 L -10 -4 L -9 0 Z\\" id=\\"p_8\\" class=\\"closed\\"/>
  </g>
  <text class=\\"end\\" x=\\"217\\" y=\\"160\\">back dash</text>
  <path d=\\"M 80 180 L 219 180\\" id=\\"p_9\\" class=\\"solid open_forward\\"/>
  <g transform=\\"translate(220, 180)\\">
    <path d=\\"M -10 4 L -1 0 L -10 -4\\" id=\\"p_10\\" class=\\"open\\"/>
  </g>
  <text class=\\"start\\" x=\\"83\\" y=\\"180\\">open</text>
  <path d=\\"M 220 200 L 81 200\\" id=\\"p_11\\" class=\\"solid open_forward\\"/>
  <g transform=\\"translate(80, 200), rotate(180)\\">
    <path d=\\"M -10 4 L -1 0 L -10 -4\\" id=\\"p_12\\" class=\\"open\\"/>
  </g>
  <text class=\\"end\\" x=\\"217\\" y=\\"200\\">back open</text>
  <path d=\\"M 80 220 L 219 220\\" id=\\"p_13\\" class=\\"dashed open_forward\\"/>
  <g transform=\\"translate(220, 220)\\">
    <path d=\\"M -10 4 L -1 0 L -10 -4\\" id=\\"p_14\\" class=\\"open\\"/>
  </g>
  <text class=\\"start\\" x=\\"83\\" y=\\"220\\">Dash Open</text>
  <path d=\\"M 220 240 L 81 240\\" id=\\"p_15\\" class=\\"dashed open_forward\\"/>
  <g transform=\\"translate(80, 240), rotate(180)\\">
    <path d=\\"M -10 4 L -1 0 L -10 -4\\" id=\\"p_16\\" class=\\"open\\"/>
  </g>
  <text class=\\"end\\" x=\\"217\\" y=\\"240\\">dash back open</text>
  <path d=\\"M 81 260 L 219 260\\" id=\\"p_17\\" class=\\"closed_back solid closed_forward\\"/>
  <g transform=\\"translate(220, 260)\\">
    <path d=\\"M -10 4 L -1 0 L -10 -4 L -9 0 Z\\" id=\\"p_18\\" class=\\"closed\\"/>
  </g>
  <g transform=\\"translate(80, 260), rotate(180)\\">
    <path d=\\"M -10 4 L -1 0 L -10 -4 L -9 0 Z\\" id=\\"p_19\\" class=\\"closed\\"/>
  </g>
  <text class=\\"center\\" x=\\"150\\" y=\\"260\\">&lt;-&gt;</text>
  <path d=\\"M 81 280 L 219 280\\" id=\\"p_20\\" class=\\"closed_back solid open_forward\\"/>
  <g transform=\\"translate(220, 280)\\">
    <path d=\\"M -10 4 L -1 0 L -10 -4\\" id=\\"p_21\\" class=\\"open\\"/>
  </g>
  <g transform=\\"translate(80, 280), rotate(180)\\">
    <path d=\\"M -10 4 L -1 0 L -10 -4 L -9 0 Z\\" id=\\"p_22\\" class=\\"closed\\"/>
  </g>
  <text class=\\"center\\" x=\\"150\\" y=\\"280\\">&lt;-&gt;&gt;</text>
  <path d=\\"M 81 300 L 219 300\\" id=\\"p_23\\" class=\\"open_back solid closed_forward\\"/>
  <g transform=\\"translate(220, 300)\\">
    <path d=\\"M -10 4 L -1 0 L -10 -4 L -9 0 Z\\" id=\\"p_24\\" class=\\"closed\\"/>
  </g>
  <g transform=\\"translate(80, 300), rotate(180)\\">
    <path d=\\"M -10 4 L -1 0 L -10 -4\\" id=\\"p_25\\" class=\\"open\\"/>
  </g>
  <text class=\\"center\\" x=\\"150\\" y=\\"300\\">&lt;&lt;-&gt;</text>
  <path d=\\"M 81 320 L 219 320\\" id=\\"p_26\\" class=\\"open_back solid open_forward\\"/>
  <g transform=\\"translate(220, 320)\\">
    <path d=\\"M -10 4 L -1 0 L -10 -4\\" id=\\"p_27\\" class=\\"open\\"/>
  </g>
  <g transform=\\"translate(80, 320), rotate(180)\\">
    <path d=\\"M -10 4 L -1 0 L -10 -4\\" id=\\"p_28\\" class=\\"open\\"/>
  </g>
  <text class=\\"center\\" x=\\"150\\" y=\\"320\\">&lt;&lt;-&gt;&gt;</text>
  <path d=\\"M 81 340 L 219 340\\" id=\\"p_29\\" class=\\"closed_back dashed closed_forward\\"/>
  <g transform=\\"translate(220, 340)\\">
    <path d=\\"M -10 4 L -1 0 L -10 -4 L -9 0 Z\\" id=\\"p_30\\" class=\\"closed\\"/>
  </g>
  <g transform=\\"translate(80, 340), rotate(180)\\">
    <path d=\\"M -10 4 L -1 0 L -10 -4 L -9 0 Z\\" id=\\"p_31\\" class=\\"closed\\"/>
  </g>
  <text class=\\"center\\" x=\\"150\\" y=\\"340\\">&lt;--&gt;</text>
  <path d=\\"M 81 360 L 219 360\\" id=\\"p_32\\" class=\\"closed_back dashed open_forward\\"/>
  <g transform=\\"translate(220, 360)\\">
    <path d=\\"M -10 4 L -1 0 L -10 -4\\" id=\\"p_33\\" class=\\"open\\"/>
  </g>
  <g transform=\\"translate(80, 360), rotate(180)\\">
    <path d=\\"M -10 4 L -1 0 L -10 -4 L -9 0 Z\\" id=\\"p_34\\" class=\\"closed\\"/>
  </g>
  <text class=\\"center\\" x=\\"150\\" y=\\"360\\">&lt;--&gt;&gt;</text>
  <path d=\\"M 81 380 L 219 380\\" id=\\"p_35\\" class=\\"open_back dashed closed_forward\\"/>
  <g transform=\\"translate(220, 380)\\">
    <path d=\\"M -10 4 L -1 0 L -10 -4 L -9 0 Z\\" id=\\"p_36\\" class=\\"closed\\"/>
  </g>
  <g transform=\\"translate(80, 380), rotate(180)\\">
    <path d=\\"M -10 4 L -1 0 L -10 -4\\" id=\\"p_37\\" class=\\"open\\"/>
  </g>
  <text class=\\"center\\" x=\\"150\\" y=\\"380\\">&lt;&lt;--&gt;</text>
  <path d=\\"M 81 400 L 219 400\\" id=\\"p_38\\" class=\\"open_back dashed open_forward\\"/>
  <g transform=\\"translate(220, 400)\\">
    <path d=\\"M -10 4 L -1 0 L -10 -4\\" id=\\"p_39\\" class=\\"open\\"/>
  </g>
  <g transform=\\"translate(80, 400), rotate(180)\\">
    <path d=\\"M -10 4 L -1 0 L -10 -4\\" id=\\"p_40\\" class=\\"open\\"/>
  </g>
  <text class=\\"center\\" x=\\"150\\" y=\\"400\\">&lt;&lt;--&gt;&gt;</text>
  <g>
    <desc>loop: outer</desc>
    <path d=\\"M 50 405 L 85 405 L 85 420 L 50 420 Z\\" id=\\"p_41\\" class=\\"block_tab\\"/>
    <text class=\\"start\\" x=\\"55\\" y=\\"418\\">loop</text>
    <text class=\\"start\\" x=\\"90\\" y=\\"418\\">outer</text>
    <path d=\\"M 50 405 L 85 405 L 85 420 L 400 420 L 400 940 L 50 940 Z\\" id=\\"p_42\\" class=\\"block\\"/>
  </g>
  <g>
    <desc>loop: first </desc>
    <path d=\\"M 65 425 L 100 425 L 100 440 L 65 440 Z\\" id=\\"p_43\\" class=\\"block_tab\\"/>
    <text class=\\"start\\" x=\\"70\\" y=\\"438\\">loop</text>
    <text class=\\"start\\" x=\\"105\\" y=\\"438\\">first </text>
    <path d=\\"M 65 425 L 100 425 L 100 440 L 385 440 L 385 460 L 65 460 Z\\" id=\\"p_44\\" class=\\"block\\"/>
  </g>
  <g>
    <desc>loop: second</desc>
    <path d=\\"M 55 465 L 90 465 L 90 480 L 55 480 Z\\" id=\\"p_45\\" class=\\"block_tab\\"/>
    <text class=\\"start\\" x=\\"60\\" y=\\"478\\">loop</text>
    <text class=\\"start\\" x=\\"95\\" y=\\"478\\">second</text>
    <path d=\\"M 55 465 L 90 465 L 90 480 L 395 480 L 395 580 L 55 580 Z\\" id=\\"p_46\\" class=\\"block\\"/>
  </g>
  <g>
    <desc>loop: inner</desc>
    <path d=\\"M 60 485 L 95 485 L 95 500 L 60 500 Z\\" id=\\"p_47\\" class=\\"block_tab\\"/>
    <text class=\\"start\\" x=\\"65\\" y=\\"498\\">loop</text>
    <text class=\\"start\\" x=\\"100\\" y=\\"498\\">inner</text>
    <path d=\\"M 60 485 L 95 485 L 95 500 L 390 500 L 390 560 L 60 560 Z\\" id=\\"p_48\\" class=\\"block\\"/>
  </g>
  <g>
    <desc>loop: inner inner</desc>
    <path d=\\"M 65 505 L 100 505 L 100 520 L 65 520 Z\\" id=\\"p_49\\" class=\\"block_tab\\"/>
    <text class=\\"start\\" x=\\"70\\" y=\\"518\\">loop</text>
    <text class=\\"start\\" x=\\"105\\" y=\\"518\\">inner inner</text>
    <path d=\\"M 65 505 L 100 505 L 100 520 L 385 520 L 385 540 L 65 540 Z\\" id=\\"p_50\\" class=\\"block\\"/>
  </g>
  <g>
    <desc>loop: at least once</desc>
    <path d=\\"M 60 585 L 95 585 L 95 600 L 60 600 Z\\" id=\\"p_51\\" class=\\"block_tab\\"/>
    <text class=\\"start\\" x=\\"65\\" y=\\"598\\">loop</text>
    <text class=\\"start\\" x=\\"100\\" y=\\"598\\">at least once</text>
    <path d=\\"M 60 585 L 95 585 L 95 600 L 390 600 L 390 920 L 60 920 Z\\" id=\\"p_52\\" class=\\"block\\"/>
  </g>
  <g>
    <desc>loop: lots of times</desc>
    <path d=\\"M 65 605 L 100 605 L 100 620 L 65 620 Z\\" id=\\"p_53\\" class=\\"block_tab\\"/>
    <text class=\\"start\\" x=\\"70\\" y=\\"618\\">loop</text>
    <text class=\\"start\\" x=\\"105\\" y=\\"618\\">lots of times</text>
    <path d=\\"M 65 605 L 100 605 L 100 620 L 385 620 L 385 720 L 65 720 Z\\" id=\\"p_54\\" class=\\"block\\"/>
  </g>
  <path d=\\"M 80 640 L 219.0384760523592 679.7252788721026\\" id=\\"p_55\\" class=\\"solid closed_forward\\"/>
  <g transform=\\"translate(220, 680), rotate(15.945395900922856)\\">
    <path d=\\"M -10 4 L -1 0 L -10 -4 L -9 0 Z\\" id=\\"p_56\\" class=\\"closed\\"/>
  </g>
  <text class=\\"start\\" transform=\\"rotate(15.945395900922856, 83, 640)\\" x=\\"83\\" y=\\"640\\">Test duration=2</text>
  <path d=\\"M 220 640 L 80.98994949366117 659.8585786437627\\" id=\\"p_57\\" class=\\"solid open_forward\\"/>
  <g transform=\\"translate(80, 660), rotate(171.86989764584402)\\">
    <path d=\\"M -10 4 L -1 0 L -10 -4\\" id=\\"p_58\\" class=\\"open\\"/>
  </g>
  <text class=\\"end\\" transform=\\"rotate(-8.130102354155978, 217, 640)\\" x=\\"217\\" y=\\"640\\">Another test duration=1</text>
  <path d=\\"M 80 700 L 219 700\\" id=\\"p_59\\" class=\\"solid closed_forward\\"/>
  <g transform=\\"translate(220, 700)\\">
    <path d=\\"M -10 4 L -1 0 L -10 -4 L -9 0 Z\\" id=\\"p_60\\" class=\\"closed\\"/>
  </g>
  <g>
    <desc>loop: once</desc>
    <path d=\\"M 65 725 L 100 725 L 100 740 L 65 740 Z\\" id=\\"p_61\\" class=\\"block_tab\\"/>
    <text class=\\"start\\" x=\\"70\\" y=\\"738\\">loop</text>
    <text class=\\"start\\" x=\\"105\\" y=\\"738\\">once</text>
    <path d=\\"M 65 725 L 100 725 L 100 740 L 385 740 L 385 780 L 65 780 Z\\" id=\\"p_62\\" class=\\"block\\"/>
  </g>
  <path d=\\"M 220 760 L 81 760\\" id=\\"p_63\\" class=\\"solid closed_forward\\"/>
  <g transform=\\"translate(80, 760), rotate(180)\\">
    <path d=\\"M -10 4 L -1 0 L -10 -4 L -9 0 Z\\" id=\\"p_64\\" class=\\"closed\\"/>
  </g>
  <g>
    <desc>loop: twice</desc>
    <path d=\\"M 65 785 L 100 785 L 100 800 L 65 800 Z\\" id=\\"p_65\\" class=\\"block_tab\\"/>
    <text class=\\"start\\" x=\\"70\\" y=\\"798\\">loop</text>
    <text class=\\"start\\" x=\\"105\\" y=\\"798\\">twice</text>
    <path d=\\"M 65 785 L 100 785 L 100 800 L 385 800 L 385 840 L 65 840 Z\\" id=\\"p_66\\" class=\\"block\\"/>
  </g>
  <path d=\\"M 220 820 L 81 820\\" id=\\"p_67\\" class=\\"solid closed_forward\\"/>
  <g transform=\\"translate(80, 820), rotate(180)\\">
    <path d=\\"M -10 4 L -1 0 L -10 -4 L -9 0 Z\\" id=\\"p_68\\" class=\\"closed\\"/>
  </g>
  <text class=\\"end\\" x=\\"217\\" y=\\"820\\">Hey!</text>
  <g>
    <desc>loop: three times a lady</desc>
    <path d=\\"M 65 845 L 100 845 L 100 860 L 65 860 Z\\" id=\\"p_69\\" class=\\"block_tab\\"/>
    <text class=\\"start\\" x=\\"70\\" y=\\"858\\">loop</text>
    <text class=\\"start\\" x=\\"105\\" y=\\"858\\">three times a lady</text>
    <path d=\\"M 65 845 L 100 845 L 100 860 L 385 860 L 385 900 L 65 900 Z\\" id=\\"p_70\\" class=\\"block\\"/>
  </g>
  <path d=\\"M 220 880 L 81 880\\" id=\\"p_71\\" class=\\"solid closed_forward\\"/>
  <g transform=\\"translate(80, 880), rotate(180)\\">
    <path d=\\"M -10 4 L -1 0 L -10 -4 L -9 0 Z\\" id=\\"p_72\\" class=\\"closed\\"/>
  </g>
  <g>
    <desc>opt: Double arrows</desc>
    <path d=\\"M 65 945 L 100 945 L 100 960 L 65 960 Z\\" id=\\"p_73\\" class=\\"block_tab\\"/>
    <text class=\\"start\\" x=\\"70\\" y=\\"958\\">opt</text>
    <text class=\\"start\\" x=\\"105\\" y=\\"958\\">Double arrows</text>
    <path d=\\"M 65 945 L 100 945 L 100 960 L 385 960 L 385 1180 L 65 1180 Z\\" id=\\"p_74\\" class=\\"block\\"/>
  </g>
  <path d=\\"M 81 980 L 219 980\\" id=\\"p_75\\" class=\\"closed_back solid closed_forward\\"/>
  <g transform=\\"translate(220, 980)\\">
    <path d=\\"M -10 4 L -1 0 L -10 -4 L -9 0 Z\\" id=\\"p_76\\" class=\\"closed\\"/>
  </g>
  <g transform=\\"translate(80, 980), rotate(180)\\">
    <path d=\\"M -10 4 L -1 0 L -10 -4 L -9 0 Z\\" id=\\"p_77\\" class=\\"closed\\"/>
  </g>
  <text class=\\"center\\" x=\\"150\\" y=\\"980\\">xxxy</text>
  <g>
    <desc>message: Bob -&gt; Bob: This is a long label (TODO: wrap)</desc>
    <path d=\\"M 80 1000 L 112.5 1000 L 112.5 1040 L 81 1040\\" id=\\"p_78\\" class=\\"solid closed_forward self\\"/>
    <g transform=\\"translate(80, 1040), rotate(180)\\">
      <path d=\\"M -10 4 L -1 0 L -10 -4 L -9 0 Z\\" id=\\"p_79\\" class=\\"closed\\"/>
    </g>
    <text class=\\"start\\" x=\\"115.5\\" y=\\"1023\\">This is a long label (TODO: wrap)</text>
  </g>
  <g>
    <desc>message: Bob --&gt; Bob: --&gt;</desc>
    <path d=\\"M 80 1060 L 112.5 1060 L 112.5 1080 L 81 1080\\" id=\\"p_80\\" class=\\"dashed closed_forward self\\"/>
    <g transform=\\"translate(80, 1080), rotate(180)\\">
      <path d=\\"M -10 4 L -1 0 L -10 -4 L -9 0 Z\\" id=\\"p_81\\" class=\\"closed\\"/>
    </g>
    <text class=\\"start\\" x=\\"115.5\\" y=\\"1073\\">--&gt;</text>
  </g>
  <g>
    <desc>message: Bob -&gt;&gt; Bob: -&gt;&gt;</desc>
    <path d=\\"M 80 1100 L 112.5 1100 L 112.5 1120 L 81 1120\\" id=\\"p_82\\" class=\\"solid open_forward self\\"/>
    <g transform=\\"translate(80, 1120), rotate(180)\\">
      <path d=\\"M -10 4 L -1 0 L -10 -4\\" id=\\"p_83\\" class=\\"open\\"/>
    </g>
    <text class=\\"start\\" x=\\"115.5\\" y=\\"1113\\">-&gt;&gt;</text>
  </g>
  <g>
    <desc>message: Bob &lt;-&gt; Bob: &lt;-&gt;</desc>
    <path d=\\"M 81 1140 L 112.5 1140 L 112.5 1160 L 81 1160\\" id=\\"p_84\\" class=\\"closed_back solid closed_forward self\\"/>
    <g transform=\\"translate(80, 1160), rotate(180)\\">
      <path d=\\"M -10 4 L -1 0 L -10 -4 L -9 0 Z\\" id=\\"p_85\\" class=\\"closed\\"/>
    </g>
    <g transform=\\"translate(80, 1140), rotate(180)\\">
      <path d=\\"M -10 4 L -1 0 L -10 -4 L -9 0 Z\\" id=\\"p_86\\" class=\\"closed\\"/>
    </g>
    <text class=\\"start\\" x=\\"115.5\\" y=\\"1153\\">&lt;-&gt;</text>
  </g>
  <path d=\\"M 80 1200 L 369 1200\\" id=\\"p_87\\" class=\\"solid closed_forward\\"/>
  <g transform=\\"translate(370, 1200)\\">
    <path d=\\"M -10 4 L -1 0 L -10 -4 L -9 0 Z\\" id=\\"p_88\\" class=\\"closed\\"/>
  </g>
  <path d=\\"M 80.99763032842299 1220.0688020916155 L 369.002369671577 1239.9311979083845\\" id=\\"p_89\\" class=\\"closed_back solid closed_forward\\"/>
  <g transform=\\"translate(370, 1240), rotate(3.945186229037563)\\">
    <path d=\\"M -10 4 L -1 0 L -10 -4 L -9 0 Z\\" id=\\"p_90\\" class=\\"closed\\"/>
  </g>
  <g transform=\\"translate(80, 1220), rotate(183.94518622903755)\\">
    <path d=\\"M -10 4 L -1 0 L -10 -4 L -9 0 Z\\" id=\\"p_91\\" class=\\"closed\\"/>
  </g>
</svg>"
`;
